// Jest Snapshot v1, https://goo.gl/fbAQLP

exports[`Testing the Hello World Component Renders Hellos Word Component 1`] = `ShallowWrapper {}`;
